exports[`<SCForm /> renders correctly - Baseball Team 1`] = `<View />`;
