exports[`<MapView /> renders correctly 1`] = `<View />`;
